Flow report for demonstrate
Mon Apr 12 20:55:43 2021
Quartus II 64-Bit Version 13.1.0 Build 162 10/23/2013 SJ Full Version


---------------------
; Table of Contents ;
---------------------
  1. Legal Notice
  2. Flow Summary
  3. Flow Settings
  4. Flow Non-Default Global Settings
  5. Flow Elapsed Time
  6. Flow OS Summary
  7. Flow Log
  8. Flow Messages
  9. Flow Suppressed Messages



----------------
; Legal Notice ;
----------------
Copyright (C) 1991-2013 Altera Corporation
Your use of Altera Corporation's design tools, logic functions 
and other software and tools, and its AMPP partner logic 
functions, and any output files from any of the foregoing 
(including device programming or simulation files), and any 
associated documentation or information are expressly subject 
to the terms and conditions of the Altera Program License 
Subscription Agreement, Altera MegaCore Function License 
Agreement, or other applicable license agreement, including, 
without limitation, that your use is for the sole purpose of 
programming logic devices manufactured by Altera and sold by 
Altera or its authorized distributors.  Please refer to the 
applicable agreement for further details.



+----------------------------------------------------------------------------------+
; Flow Summary                                                                     ;
+------------------------------------+---------------------------------------------+
; Flow Status                        ; Successful - Mon Apr 12 20:55:43 2021       ;
; Quartus II 64-Bit Version          ; 13.1.0 Build 162 10/23/2013 SJ Full Version ;
; Revision Name                      ; demonstrate                                 ;
; Top-level Entity Name              ; demonstrate                                 ;
; Family                             ; Cyclone IV E                                ;
; Device                             ; EP4CE10E22C8                                ;
; Timing Models                      ; Final                                       ;
; Total logic elements               ; 1,160 / 10,320 ( 11 % )                     ;
;     Total combinational functions  ; 830 / 10,320 ( 8 % )                        ;
;     Dedicated logic registers      ; 908 / 10,320 ( 9 % )                        ;
; Total registers                    ; 908                                         ;
; Total pins                         ; 18 / 92 ( 20 % )                            ;
; Total virtual pins                 ; 0                                           ;
; Total memory bits                  ; 35,840 / 423,936 ( 8 % )                    ;
; Embedded Multiplier 9-bit elements ; 0 / 46 ( 0 % )                              ;
; Total PLLs                         ; 0 / 2 ( 0 % )                               ;
+------------------------------------+---------------------------------------------+


+-----------------------------------------+
; Flow Settings                           ;
+-------------------+---------------------+
; Option            ; Setting             ;
+-------------------+---------------------+
; Start date & time ; 04/12/2021 20:49:16 ;
; Main task         ; Compilation         ;
; Revision Name     ; demonstrate         ;
+-------------------+---------------------+


+----------------------------------------------------------------------------------------------------------------------------------+
; Flow Non-Default Global Settings                                                                                                 ;
+--------------------------------------+---------------------------------------+---------------+-------------+---------------------+
; Assignment Name                      ; Value                                 ; Default Value ; Entity Name ; Section Id          ;
+--------------------------------------+---------------------------------------+---------------+-------------+---------------------+
; COMPILER_SIGNATURE_ID                ; 229044587278478.161823175607780       ; --            ; --          ; --                  ;
; EDA_DESIGN_INSTANCE_NAME             ; NA                                    ; --            ; --          ; switch_vlg_tst      ;
; EDA_DESIGN_INSTANCE_NAME             ; NA                                    ; --            ; --          ; switch_ctrl_vlg_tst ;
; EDA_DESIGN_INSTANCE_NAME             ; NA                                    ; --            ; --          ; demonstrate_vlg_tst ;
; EDA_NATIVELINK_SIMULATION_TEST_BENCH ; demonstrate_vlg_tst                   ; --            ; --          ; eda_simulation      ;
; EDA_OUTPUT_DATA_FORMAT               ; Verilog Hdl                           ; --            ; --          ; eda_simulation      ;
; EDA_SIMULATION_TOOL                  ; ModelSim (Verilog)                    ; <None>        ; --          ; --                  ;
; EDA_TEST_BENCH_ENABLE_STATUS         ; TEST_BENCH_MODE                       ; --            ; --          ; eda_simulation      ;
; EDA_TEST_BENCH_FILE                  ; simulation/modelsim/switch.vt         ; --            ; --          ; switch_vlg_tst      ;
; EDA_TEST_BENCH_FILE                  ; simulation/modelsim/switch_ctrl.vt    ; --            ; --          ; switch_ctrl_vlg_tst ;
; EDA_TEST_BENCH_FILE                  ; simulation/modelsim/demonstrate.vt    ; --            ; --          ; demonstrate_vlg_tst ;
; EDA_TEST_BENCH_MODULE_NAME           ; switch_vlg_tst                        ; --            ; --          ; switch_vlg_tst      ;
; EDA_TEST_BENCH_MODULE_NAME           ; switch_ctrl_vlg_tst                   ; --            ; --          ; switch_ctrl_vlg_tst ;
; EDA_TEST_BENCH_MODULE_NAME           ; demonstrate_vlg_tst                   ; --            ; --          ; demonstrate_vlg_tst ;
; EDA_TEST_BENCH_NAME                  ; switch_vlg_tst                        ; --            ; --          ; eda_simulation      ;
; EDA_TEST_BENCH_NAME                  ; switch_ctrl_vlg_tst                   ; --            ; --          ; eda_simulation      ;
; EDA_TEST_BENCH_NAME                  ; demonstrate_vlg_tst                   ; --            ; --          ; eda_simulation      ;
; EDA_TIME_SCALE                       ; 1 ps                                  ; --            ; --          ; eda_simulation      ;
; IP_TOOL_NAME                         ; FIFO                                  ; --            ; --          ; --                  ;
; IP_TOOL_VERSION                      ; 13.1                                  ; --            ; --          ; --                  ;
; MAX_CORE_JUNCTION_TEMP               ; 85                                    ; --            ; --          ; --                  ;
; MIN_CORE_JUNCTION_TEMP               ; 0                                     ; --            ; --          ; --                  ;
; MISC_FILE                            ; AD_FIFO_inst.v                        ; --            ; --          ; --                  ;
; MISC_FILE                            ; AD_FIFO_bb.v                          ; --            ; --          ; --                  ;
; OUTPUT_IO_TIMING_FAR_END_VMEAS       ; Half Signal Swing                     ; --            ; --          ; --                  ;
; OUTPUT_IO_TIMING_FAR_END_VMEAS       ; Half Signal Swing                     ; --            ; --          ; --                  ;
; OUTPUT_IO_TIMING_NEAR_END_VMEAS      ; Half Vccio                            ; --            ; --          ; --                  ;
; OUTPUT_IO_TIMING_NEAR_END_VMEAS      ; Half Vccio                            ; --            ; --          ; --                  ;
; PARTITION_COLOR                      ; 16764057                              ; --            ; --          ; Top                 ;
; PARTITION_FITTER_PRESERVATION_LEVEL  ; PLACEMENT_AND_ROUTING                 ; --            ; --          ; Top                 ;
; PARTITION_NETLIST_TYPE               ; SOURCE                                ; --            ; --          ; Top                 ;
; POWER_BOARD_THERMAL_MODEL            ; None (CONSERVATIVE)                   ; --            ; --          ; --                  ;
; POWER_PRESET_COOLING_SOLUTION        ; 23 MM HEAT SINK WITH 200 LFPM AIRFLOW ; --            ; --          ; --                  ;
; PROJECT_OUTPUT_DIRECTORY             ; output_files                          ; --            ; --          ; --                  ;
+--------------------------------------+---------------------------------------+---------------+-------------+---------------------+


+-------------------------------------------------------------------------------------------------------------------------------+
; Flow Elapsed Time                                                                                                             ;
+---------------------------+--------------+-------------------------+---------------------+------------------------------------+
; Module Name               ; Elapsed Time ; Average Processors Used ; Peak Virtual Memory ; Total CPU Time (on all processors) ;
+---------------------------+--------------+-------------------------+---------------------+------------------------------------+
; Analysis & Synthesis      ; 00:00:01     ; 1.0                     ; 589 MB              ; 00:00:02                           ;
; Fitter                    ; 00:00:05     ; 1.6                     ; 1333 MB             ; 00:00:06                           ;
; Assembler                 ; 00:00:01     ; 1.0                     ; 524 MB              ; 00:00:01                           ;
; TimeQuest Timing Analyzer ; 00:00:01     ; 1.0                     ; 607 MB              ; 00:00:02                           ;
; EDA Netlist Writer        ; 00:00:01     ; 1.0                     ; 483 MB              ; 00:00:01                           ;
; Analysis & Synthesis      ; 00:00:08     ; 1.4                     ; 627 MB              ; 00:00:08                           ;
; Partition Merge           ; 00:00:01     ; 1.0                     ; 587 MB              ; 00:00:01                           ;
; Fitter                    ; 00:00:05     ; 1.0                     ; 1355 MB             ; 00:00:06                           ;
; Assembler                 ; 00:00:01     ; 1.0                     ; 517 MB              ; 00:00:01                           ;
; TimeQuest Timing Analyzer ; 00:00:02     ; 1.0                     ; 619 MB              ; 00:00:02                           ;
; EDA Netlist Writer        ; 00:00:02     ; 1.0                     ; 493 MB              ; 00:00:02                           ;
; Total                     ; 00:00:28     ; --                      ; --                  ; 00:00:32                           ;
+---------------------------+--------------+-------------------------+---------------------+------------------------------------+


+----------------------------------------------------------------------------------------+
; Flow OS Summary                                                                        ;
+---------------------------+------------------+-----------+------------+----------------+
; Module Name               ; Machine Hostname ; OS Name   ; OS Version ; Processor type ;
+---------------------------+------------------+-----------+------------+----------------+
; Analysis & Synthesis      ; 7BMV0F92WLAYJZ1  ; Windows 7 ; 6.2        ; x86_64         ;
; Fitter                    ; 7BMV0F92WLAYJZ1  ; Windows 7 ; 6.2        ; x86_64         ;
; Assembler                 ; 7BMV0F92WLAYJZ1  ; Windows 7 ; 6.2        ; x86_64         ;
; TimeQuest Timing Analyzer ; 7BMV0F92WLAYJZ1  ; Windows 7 ; 6.2        ; x86_64         ;
; EDA Netlist Writer        ; 7BMV0F92WLAYJZ1  ; Windows 7 ; 6.2        ; x86_64         ;
; Analysis & Synthesis      ; 7BMV0F92WLAYJZ1  ; Windows 7 ; 6.2        ; x86_64         ;
; Partition Merge           ; 7BMV0F92WLAYJZ1  ; Windows 7 ; 6.2        ; x86_64         ;
; Fitter                    ; 7BMV0F92WLAYJZ1  ; Windows 7 ; 6.2        ; x86_64         ;
; Assembler                 ; 7BMV0F92WLAYJZ1  ; Windows 7 ; 6.2        ; x86_64         ;
; TimeQuest Timing Analyzer ; 7BMV0F92WLAYJZ1  ; Windows 7 ; 6.2        ; x86_64         ;
; EDA Netlist Writer        ; 7BMV0F92WLAYJZ1  ; Windows 7 ; 6.2        ; x86_64         ;
+---------------------------+------------------+-----------+------------+----------------+


------------
; Flow Log ;
------------
quartus_map --read_settings_files=on --write_settings_files=off demonstrate -c demonstrate
quartus_fit --read_settings_files=off --write_settings_files=off demonstrate -c demonstrate
quartus_asm --read_settings_files=off --write_settings_files=off demonstrate -c demonstrate
quartus_sta demonstrate -c demonstrate
quartus_eda --read_settings_files=off --write_settings_files=off demonstrate -c demonstrate
quartus_map --read_settings_files=on --write_settings_files=off demonstrate -c demonstrate
quartus_cdb --read_settings_files=off --write_settings_files=off demonstrate -c demonstrate --merge=on
quartus_fit --read_settings_files=off --write_settings_files=off demonstrate -c demonstrate
quartus_asm --read_settings_files=off --write_settings_files=off demonstrate -c demonstrate
quartus_sta demonstrate -c demonstrate
quartus_eda --read_settings_files=off --write_settings_files=off demonstrate -c demonstrate



